SQL>
SQL> /*Database Name*/
SQL> select GLOBAL_NAME as "DBName" from global_name;
DBName
------------------------------------------------------------------------------------------------------------------------------------------------------------------------------------------------------------------------------------------------------------------------------------------------------------
MYLABORA

SQL>
SQL> /*Database Audit*/
SQL> SELECT COUNT(*) FROM dba_tables WHERE table_name IN ('AUD$', 'FGA_LOG$') ORDER BY 1;
  COUNT(*)
----------
         2
SQL>
SQL> /*Automated Maintenance Tasks*/
SQL> SELECT COUNT(*) FROM ALL_SCHEDULER_JOBS;
  COUNT(*)
----------
         8
SQL>
SQL> /*Database Email*/
SQL> SELECT COUNT(*) FROM ALL_SYNONYMS WHERE OWNER = 'PUBLIC' and table_name LIKE 'UTL_MAIL';
  COUNT(*)
----------
         0
SQL>
SQL> /*Collation*/
SQL> SELECT COUNT(*) from NLS_DATABASE_PARAMETERS WHERE parameter IN ( 'NLS_LANGUAGE', 'NLS_TERRITORY', 'NLS_CHARACTERSET', 'NLS_SORT');
  COUNT(*)
----------
         4
SQL>
SQL> /*Memory Usage*/
SQL> select value as "Count(*)" from v$pgastat where name='maximum PGA allocated';
  Count(*)
----------
 373037056
SQL>
SQL> /*Data Encryption*/
SQL> SELECT count(*) FROM dba_encrypted_columns;
  COUNT(*)
----------
         0
SQL>
SQL>  /*Global Temporary Table*/
SQL> select COUNT(*) from V$TEMP_SPACE_HEADER;
  COUNT(*)
----------
         4
SQL>
SQL> /*Table Partitioning*/
SQL> select COUNT(*) from v$option where parameter='Partitioning';
  COUNT(*)
----------
         1
SQL>
SQL> /*Stored Procedures*/
SQL> SELECT count (*) FROM ALL_OBJECTS WHERE OBJECT_TYPE IN ('PROCEDURE');
  COUNT(*)
----------
       155
SQL>
SQL> /*Views*/
SQL> select count(*) from sys.dba_views;
  COUNT(*)
----------
      8114
SQL>
SQL> /*Indexing*/
SQL> select count(*) from dba_indexes;
  COUNT(*)
----------
     10332
SQL>
SQL> /*Trace files*/
SQL> SELECT count(VALUE) as "Count(*)" FROM V$DIAG_INFO WHERE NAME = 'Default Trace File';
  Count(*)
----------
         1
SQL>
SQL> /*******************************/
SQL> /*Row-Level Security*/
SQL> SELECT CASE WHEN VALUE='FALSE' Then 0 ELSE 1 END "Count(*)" FROM V$OPTION WHERE PARAMETER = 'Oracle Label Security';
  Count(*)
----------
         0
SQL>
SQL> /*Database Logging*/
SQL> SELECT COUNT(*) FROM v$database;
  COUNT(*)
----------
         1
SQL>
SQL> /*Constraints*/
SQL> select count (*) from all_constraints where owner in ('select user from dual');
  COUNT(*)
----------
         0
SQL>
SQL> /*Datatypes*/
SQL> select COUNT(*) from all_tab_columns;
  COUNT(*)
----------
    249893
SQL>
SQL> /*Oracle Components Installed*/
SQL> select COUNT(*) from dba_registry where     status = 'VALID';
  COUNT(*)
----------
        12
SQL>
SQL> /*Logins/User Accounts*/
SQL> SELECT count(*) FROM ALL_USERS;
  COUNT(*)
----------
        83
SQL>
SQL> /*Triggers*/
SQL> select count(*) from DBA_TRIGGERS;
  COUNT(*)
----------
      1208
SQL>
SQL> /*Data Dictionary*/
SQL> SELECT count(*) from DICT;
  COUNT(*)
----------
      4568
SQL>
SQL> /*Privileges*/
SQL>
SQL> SELECT count(*) FROM DBA_SYS_PRIVS;
  COUNT(*)
----------
      1668
SQL>
SQL> /*Access Control*/
SQL> SELECT count(*) FROM DBA_ROLES;
  COUNT(*)
----------
        92
SQL>
SQL> /*Tables*/
SQL> Select count (*) from dba_tables where owner in ('select user from dual');
  COUNT(*)
----------
         0
SQL>
SQL> /*Cluster*/
SQL> Select count(*) from DBA_CLUSTERS;
  COUNT(*)
----------
        12
SQL>
SQL> /*Column-level check constraint*/
SQL> SELECT count(*) FROM DBA_CONSTRAINTS where constraint_type='C';
  COUNT(*)
----------
     32271
SQL>
SQL> /*Packages*/
SQL> SELECT count(*) FROM ALL_OBJECTS WHERE OBJECT_TYPE IN ('PACKAGE');
  COUNT(*)
----------
      1115
SQL>
SQL> /*Synonyms*/
SQL> select count(*) from user_synonyms;
  COUNT(*)
----------
       183
SQL>
SQL> /*Sequences*/
SQL> Select count(*) from DBA_SEQUENCES;
  COUNT(*)
----------
      1380
SQL>
SQL> /*Snapshot*/
SQL> Select count (*) from DBA_HIST_SNAPSHOT;
  COUNT(*)
----------
       209
SQL>
SQL> /*Built-In Functions*/
SQL> select count(*) from  all_arguments where  package_name = 'STANDARD';
  COUNT(*)
----------
      1124
SQL>
SQL> /*Change Data Capture*/
SQL> Select count (*) from ALL_CHANGE_TABLES;
  COUNT(*)
----------
         0
SQL>
SQL> /*Functions*/
SQL> SELECT count (*) FROM ALL_OBJECTS WHERE OBJECT_TYPE IN ('FUNCTION');
  COUNT(*)
----------
       488
SQL>
SQL> /*Linked Servers*/
SQL> select count (*) from DBA_DB_LINKS;
  COUNT(*)
----------
         4
SQL>
SQL> /*Processes and Threads*/
SQL> select COUNT(*) from V$THREAD;
  COUNT(*)
----------
         1
SQL>
SQL> /*Database Queue*/
SQL> SELECT count (*) FROM DBA_QUEUES ;
  COUNT(*)
----------
        25
SQL>
SQL> /*Instead Of Triggers*/
SQL> Select count (*) from DBA_TRIGGERS where Trigger_Type='INSTEAD OF';
  COUNT(*)
----------
       462
SQL>
SQL> /*Transparent Application Failover*/
SQL> select COUNT(*) FROM v$session WHERE  username not in ('SYS','SYSTEM','PERFSTAT') AND  failed_over = 'YES';
  COUNT(*)
----------
         0
SQL>
SQL> /*Query planned outline*/
SQL> SELECT COUNT(*) FROM V$SQL;
  COUNT(*)
----------
     11505
SQL>
SQL> /*Online index rebuilds*/
SQL> SELECT count(*) FROM DBA_INDEXES;
  COUNT(*)
----------
     10332
SQL>
SQL> /*Export transportable tablespaces*/
SQL> /*
SQL> Select count(*) from V$TRANSPORTABLE_PLATFORM;
  COUNT(*)
----------
        20
SQL>
SQL> /*Materialized Views*/
SQL> select count(*) from all_objects where OBJECT_TYPE='MATERIALIZED VIEW';
  COUNT(*)
----------
         8
SQL>
SQL> /*Bitmap indexes*/
SQL> SELECT count(*) FROM dba_indexes WHERE index_type IN ('BITMAP', 'FUNCTION-BASED BITMAP' );
  COUNT(*)
----------
        15
SQL>
SQL> /*Oracle parallel Query*/
SQL> SELECT count(*) FROM GV$SYSSTAT WHERE name LIKE 'Parallel operation%';
  COUNT(*)
----------
         6
SQL>
SQL> /*Oracle Streams*/
SQL> SELECT count(*) FROM ALL_OBJECTS WHERE OBJECT_TYPE IN ('FUNCTION','PROCEDURE','PACKAGE');
  COUNT(*)
----------
      1758
SQL>
SQL> /*Function Based Index*/
SQL> select count(*) FROM dba_indexes WHERE index_type like 'FUNCTION-BASED%';
  COUNT(*)
----------
       277
SQL>
SQL> /*Tablespace point in time recovery (TSPITR)*/
SQL>  SELECT count(*) FROM SYS.TS_PITR_CHECK WHERE ('SYSTEM' IN (TS1_NAME, TS2_NAME) AND TS1_NAME <> TS2_NAME AND TS2_NAME <> '-1') OR (   TS1_NAME <> 'SYSTEM' AND TS2_NAME = '-1');
  COUNT(*)
----------
      2636
SQL>
SQL> /*Parallel Buffers*/
SQL> SELECT count(*) FROM V$PX_PROCESS_SYSSTAT WHERE STATISTIC LIKE 'Buffers%';
  COUNT(*)
----------
         4
SQL>
SQL> /*Oracle DB Vault*/
SQL> SELECT COUNT(*) FROM V$OPTION WHERE PARAMETER = 'Oracle Database Vault';
  COUNT(*)
----------
         1
SQL>
SQL> /*Advanced Queue in use*/
SQL> SELECT COUNT(*) FROM dba_queue_tables;
  COUNT(*)
----------
        14
SQL>
SQL> /*Event Triggers enabled*/
SQL> SELECT COUNT(*) FROM sys.trigger$ a, sys.obj$ b WHERE a.sys_evts > 0 AND a.obj#=b.obj# AND baseobject IN (0, 88);
  COUNT(*)
----------
        23
SQL>
SQL> /*Supplemental Logging enabled*/
SQL> SELECT COUNT(*) FROM v$database WHERE SUPPLEMENTAL_LOG_DATA_MIN <> 'NO';
  COUNT(*)
----------
         0
SQL>
SQL> /*RAC clustering*/
SQL> SELECT COUNT(*) FROM v$active_instances;
  COUNT(*)
----------
         0
SQL>
SQL> /*Case Sensitive Password*/
SQL> SELECT CASE WHEN value='FALSE' THEN 0 ELSE 1 END "Count(*)" FROM gv$parameter WHERE (name LIKE '%sensitive%');
  Count(*)
----------
         1
SQL>
SQL> /*Block change tracking enabled*/
SQL> SELECT COUNT(*) FROM v$block_change_tracking;
  COUNT(*)
----------
         1
SQL>
SQL> /*Advanced Rewrite in use*/
SQL> SELECT COUNT(*) FROM dba_rewrite_equivalences;
  COUNT(*)
----------
         0
SQL>
SQL> /*Data Guard Replication enabled*/
SQL> SELECT COUNT(*) FROM DBA_FEATURE_USAGE_STATISTICS WHERE NAME = 'Data Guard';
  COUNT(*)
----------
         1
SQL>
SQL> /*Roles*/
SQL> SELECT count(*) FROM DBA_ROLE_PRIVS;
  COUNT(*)
----------
       248
SQL>
SQL>
SQL> spool off;
